[2020-07-07T21:55:24.411-0100][gc,heap] Heap region size: 1M
[2020-07-07T21:55:24.422-0100][gc     ] Using G1
[2020-07-07T21:55:24.422-0100][gc,heap,coops] Heap address: 0x00000007c0000000, size: 1024 MB, Compressed Oops mode: Zero based, Oop shift amount: 3
[2020-07-07T21:55:24.423-0100][gc,cds       ] Mark closed archive regions in map: [0x00000007fff00000, 0x00000007fff76ff8]
[2020-07-07T21:55:24.423-0100][gc,cds       ] Mark open archive regions in map: [0x00000007ffe00000, 0x00000007ffe46ff8]
[2020-07-07T21:55:24.441-0100][gc           ] Periodic GC disabled
[2020-07-07T21:55:26.723-0100][gc,start     ] GC(0) Pause Young (Normal) (G1 Evacuation Pause)
[2020-07-07T21:55:26.723-0100][gc,task      ] GC(0) Using 4 workers of 4 for evacuation
[2020-07-07T21:55:26.738-0100][gc,phases    ] GC(0)   Pre Evacuate Collection Set: 0.0ms
[2020-07-07T21:55:26.738-0100][gc,phases    ] GC(0)   Evacuate Collection Set: 14.4ms
[2020-07-07T21:55:26.738-0100][gc,phases    ] GC(0)   Post Evacuate Collection Set: 0.5ms
[2020-07-07T21:55:26.738-0100][gc,phases    ] GC(0)   Other: 0.5ms
[2020-07-07T21:55:26.738-0100][gc,heap      ] GC(0) Eden regions: 51->0(44)
[2020-07-07T21:55:26.738-0100][gc,heap      ] GC(0) Survivor regions: 0->7(7)
[2020-07-07T21:55:26.738-0100][gc,heap      ] GC(0) Old regions: 0->0
[2020-07-07T21:55:26.738-0100][gc,heap      ] GC(0) Archive regions: 2->2
[2020-07-07T21:55:26.738-0100][gc,heap      ] GC(0) Humongous regions: 0->0
[2020-07-07T21:55:26.738-0100][gc,metaspace ] GC(0) Metaspace: 15791K->15791K(1062912K)
[2020-07-07T21:55:26.738-0100][gc           ] GC(0) Pause Young (Normal) (G1 Evacuation Pause) 51M->6M(1024M) 15.560ms
[2020-07-07T21:55:26.738-0100][gc,cpu       ] GC(0) User=0.03s Sys=0.01s Real=0.01s
[2020-07-07T21:55:27.638-0100][gc,start     ] GC(1) Pause Young (Concurrent Start) (Metadata GC Threshold)
[2020-07-07T21:55:27.639-0100][gc,task      ] GC(1) Using 4 workers of 4 for evacuation
[2020-07-07T21:55:27.649-0100][gc,phases    ] GC(1)   Pre Evacuate Collection Set: 0.1ms
[2020-07-07T21:55:27.649-0100][gc,phases    ] GC(1)   Evacuate Collection Set: 10.0ms
[2020-07-07T21:55:27.649-0100][gc,phases    ] GC(1)   Post Evacuate Collection Set: 0.3ms
[2020-07-07T21:55:27.649-0100][gc,phases    ] GC(1)   Other: 0.3ms
[2020-07-07T21:55:27.649-0100][gc,heap      ] GC(1) Eden regions: 22->0(49)
[2020-07-07T21:55:27.649-0100][gc,heap      ] GC(1) Survivor regions: 7->2(7)
[2020-07-07T21:55:27.649-0100][gc,heap      ] GC(1) Old regions: 0->7
[2020-07-07T21:55:27.649-0100][gc,heap      ] GC(1) Archive regions: 2->2
[2020-07-07T21:55:27.649-0100][gc,heap      ] GC(1) Humongous regions: 129->129
[2020-07-07T21:55:27.649-0100][gc,metaspace ] GC(1) Metaspace: 20596K->20596K(1067008K)
[2020-07-07T21:55:27.649-0100][gc           ] GC(1) Pause Young (Concurrent Start) (Metadata GC Threshold) 157M->137M(1024M) 10.916ms
[2020-07-07T21:55:27.649-0100][gc,cpu       ] GC(1) User=0.03s Sys=0.00s Real=0.01s
[2020-07-07T21:55:27.649-0100][gc           ] GC(2) Concurrent Cycle
[2020-07-07T21:55:27.649-0100][gc,marking   ] GC(2) Concurrent Clear Claimed Marks
[2020-07-07T21:55:27.650-0100][gc,marking   ] GC(2) Concurrent Clear Claimed Marks 0.053ms
[2020-07-07T21:55:27.650-0100][gc,marking   ] GC(2) Concurrent Scan Root Regions
[2020-07-07T21:55:27.655-0100][gc,marking   ] GC(2) Concurrent Scan Root Regions 5.726ms
[2020-07-07T21:55:27.655-0100][gc,marking   ] GC(2) Concurrent Mark (3.258s)
[2020-07-07T21:55:27.655-0100][gc,marking   ] GC(2) Concurrent Mark From Roots
[2020-07-07T21:55:27.655-0100][gc,task      ] GC(2) Using 1 workers of 1 for marking
[2020-07-07T21:55:27.657-0100][gc,marking   ] GC(2) Concurrent Mark From Roots 1.447ms
[2020-07-07T21:55:27.657-0100][gc,marking   ] GC(2) Concurrent Preclean
[2020-07-07T21:55:27.657-0100][gc,marking   ] GC(2) Concurrent Preclean 0.024ms
[2020-07-07T21:55:27.657-0100][gc,marking   ] GC(2) Concurrent Mark (3.258s, 3.259s) 1.524ms
[2020-07-07T21:55:27.657-0100][gc,start     ] GC(2) Pause Remark
[2020-07-07T21:55:27.659-0100][gc           ] GC(2) Pause Remark 137M->137M(1024M) 1.791ms
[2020-07-07T21:55:27.659-0100][gc,cpu       ] GC(2) User=0.01s Sys=0.01s Real=0.00s
[2020-07-07T21:55:27.659-0100][gc,marking   ] GC(2) Concurrent Rebuild Remembered Sets
[2020-07-07T21:55:27.664-0100][gc,marking   ] GC(2) Concurrent Rebuild Remembered Sets 4.847ms
[2020-07-07T21:55:27.664-0100][gc,start     ] GC(2) Pause Cleanup
[2020-07-07T21:55:27.664-0100][gc           ] GC(2) Pause Cleanup 138M->138M(1024M) 0.128ms
[2020-07-07T21:55:27.664-0100][gc,cpu       ] GC(2) User=0.00s Sys=0.00s Real=0.00s
[2020-07-07T21:55:27.664-0100][gc,marking   ] GC(2) Concurrent Cleanup for Next Mark
[2020-07-07T21:55:27.673-0100][gc,marking   ] GC(2) Concurrent Cleanup for Next Mark 8.554ms
[2020-07-07T21:55:27.673-0100][gc           ] GC(2) Concurrent Cycle 23.610ms
[2020-07-07T21:55:28.659-0100][gc,start     ] GC(3) Pause Young (Normal) (G1 Evacuation Pause)
[2020-07-07T21:55:28.659-0100][gc,task      ] GC(3) Using 4 workers of 4 for evacuation
[2020-07-07T21:55:28.667-0100][gc,phases    ] GC(3)   Pre Evacuate Collection Set: 0.0ms
[2020-07-07T21:55:28.667-0100][gc,phases    ] GC(3)   Evacuate Collection Set: 7.7ms
[2020-07-07T21:55:28.667-0100][gc,phases    ] GC(3)   Post Evacuate Collection Set: 0.3ms
[2020-07-07T21:55:28.667-0100][gc,phases    ] GC(3)   Other: 0.2ms
[2020-07-07T21:55:28.667-0100][gc,heap      ] GC(3) Eden regions: 49->0(46)
[2020-07-07T21:55:28.667-0100][gc,heap      ] GC(3) Survivor regions: 2->5(7)
[2020-07-07T21:55:28.667-0100][gc,heap      ] GC(3) Old regions: 7->7
[2020-07-07T21:55:28.667-0100][gc,heap      ] GC(3) Archive regions: 2->2
[2020-07-07T21:55:28.667-0100][gc,heap      ] GC(3) Humongous regions: 129->129
[2020-07-07T21:55:28.667-0100][gc,metaspace ] GC(3) Metaspace: 29604K->29604K(1075200K)
[2020-07-07T21:55:28.667-0100][gc           ] GC(3) Pause Young (Normal) (G1 Evacuation Pause) 186M->140M(1024M) 8.362ms
[2020-07-07T21:55:28.667-0100][gc,cpu       ] GC(3) User=0.02s Sys=0.00s Real=0.01s
[2020-07-07T22:03:24.388-0100][gc,start     ] GC(4) Pause Young (Concurrent Start) (Metadata GC Threshold)
[2020-07-07T22:03:24.389-0100][gc,task      ] GC(4) Using 4 workers of 4 for evacuation
[2020-07-07T22:03:24.420-0100][gc,mmu       ] GC(4) MMU target violated: 21.0ms (20.0ms/21.0ms)
[2020-07-07T22:03:24.420-0100][gc,phases    ] GC(4)   Pre Evacuate Collection Set: 0.5ms
[2020-07-07T22:03:24.420-0100][gc,phases    ] GC(4)   Evacuate Collection Set: 28.2ms
[2020-07-07T22:03:24.420-0100][gc,phases    ] GC(4)   Post Evacuate Collection Set: 0.7ms
[2020-07-07T22:03:24.420-0100][gc,phases    ] GC(4)   Other: 2.4ms
[2020-07-07T22:03:24.420-0100][gc,heap      ] GC(4) Eden regions: 30->0(49)
[2020-07-07T22:03:24.420-0100][gc,heap      ] GC(4) Survivor regions: 5->2(7)
[2020-07-07T22:03:24.420-0100][gc,heap      ] GC(4) Old regions: 7->11
[2020-07-07T22:03:24.420-0100][gc,heap      ] GC(4) Archive regions: 2->2
[2020-07-07T22:03:24.420-0100][gc,heap      ] GC(4) Humongous regions: 129->129
[2020-07-07T22:03:24.420-0100][gc,metaspace ] GC(4) Metaspace: 34356K->34356K(1079296K)
[2020-07-07T22:03:24.420-0100][gc           ] GC(4) Pause Young (Concurrent Start) (Metadata GC Threshold) 170M->142M(1024M) 31.903ms
[2020-07-07T22:03:24.420-0100][gc,cpu       ] GC(4) User=0.03s Sys=0.06s Real=0.04s
[2020-07-07T22:03:24.420-0100][gc           ] GC(5) Concurrent Cycle
[2020-07-07T22:03:24.420-0100][gc,marking   ] GC(5) Concurrent Clear Claimed Marks
[2020-07-07T22:03:24.420-0100][gc,marking   ] GC(5) Concurrent Clear Claimed Marks 0.121ms
[2020-07-07T22:03:24.420-0100][gc,marking   ] GC(5) Concurrent Scan Root Regions
[2020-07-07T22:03:24.429-0100][gc,marking   ] GC(5) Concurrent Scan Root Regions 8.966ms
[2020-07-07T22:03:24.429-0100][gc,marking   ] GC(5) Concurrent Mark (480.030s)
[2020-07-07T22:03:24.430-0100][gc,marking   ] GC(5) Concurrent Mark From Roots
[2020-07-07T22:03:24.430-0100][gc,task      ] GC(5) Using 1 workers of 1 for marking
[2020-07-07T22:03:24.452-0100][gc,marking   ] GC(5) Concurrent Mark From Roots 22.532ms
[2020-07-07T22:03:24.452-0100][gc,marking   ] GC(5) Concurrent Preclean
[2020-07-07T22:03:24.452-0100][gc,marking   ] GC(5) Concurrent Preclean 0.117ms
[2020-07-07T22:03:24.452-0100][gc,marking   ] GC(5) Concurrent Mark (480.030s, 480.052s) 22.774ms
[2020-07-07T22:03:24.452-0100][gc,start     ] GC(5) Pause Remark
[2020-07-07T22:03:24.455-0100][gc           ] GC(5) Pause Remark 142M->142M(1024M) 2.418ms
[2020-07-07T22:03:24.455-0100][gc,cpu       ] GC(5) User=0.01s Sys=0.00s Real=0.00s
[2020-07-07T22:03:24.455-0100][gc,marking   ] GC(5) Concurrent Rebuild Remembered Sets
[2020-07-07T22:03:24.469-0100][gc,marking   ] GC(5) Concurrent Rebuild Remembered Sets 13.660ms
[2020-07-07T22:03:24.469-0100][gc,start     ] GC(5) Pause Cleanup
[2020-07-07T22:03:24.469-0100][gc           ] GC(5) Pause Cleanup 143M->143M(1024M) 0.174ms
[2020-07-07T22:03:24.469-0100][gc,cpu       ] GC(5) User=0.00s Sys=0.00s Real=0.00s
[2020-07-07T22:03:24.469-0100][gc,marking   ] GC(5) Concurrent Cleanup for Next Mark
[2020-07-07T22:03:24.483-0100][gc,marking   ] GC(5) Concurrent Cleanup for Next Mark 13.730ms
[2020-07-07T22:03:24.483-0100][gc           ] GC(5) Concurrent Cycle 62.627ms
[2020-07-07T22:23:43.496-0100][gc,start     ] GC(6) Pause Young (Normal) (G1 Evacuation Pause)
[2020-07-07T22:23:43.496-0100][gc,task      ] GC(6) Using 4 workers of 4 for evacuation
[2020-07-07T22:23:43.511-0100][gc,phases    ] GC(6)   Pre Evacuate Collection Set: 0.1ms
[2020-07-07T22:23:43.511-0100][gc,phases    ] GC(6)   Evacuate Collection Set: 12.5ms
[2020-07-07T22:23:43.511-0100][gc,phases    ] GC(6)   Post Evacuate Collection Set: 0.8ms
[2020-07-07T22:23:43.511-0100][gc,phases    ] GC(6)   Other: 2.2ms
[2020-07-07T22:23:43.511-0100][gc,heap      ] GC(6) Eden regions: 49->0(48)
[2020-07-07T22:23:43.511-0100][gc,heap      ] GC(6) Survivor regions: 2->3(7)
[2020-07-07T22:23:43.511-0100][gc,heap      ] GC(6) Old regions: 11->11
[2020-07-07T22:23:43.511-0100][gc,heap      ] GC(6) Archive regions: 2->2
[2020-07-07T22:23:43.511-0100][gc,heap      ] GC(6) Humongous regions: 129->129
[2020-07-07T22:23:43.511-0100][gc,metaspace ] GC(6) Metaspace: 36642K->36642K(1083392K)
[2020-07-07T22:23:43.511-0100][gc           ] GC(6) Pause Young (Normal) (G1 Evacuation Pause) 191M->143M(1024M) 15.636ms
[2020-07-07T22:23:43.512-0100][gc,cpu       ] GC(6) User=0.02s Sys=0.02s Real=0.02s
[2020-07-07T22:35:13.779-0100][gc,start     ] GC(7) Pause Young (Normal) (G1 Evacuation Pause)
[2020-07-07T22:35:13.781-0100][gc,task      ] GC(7) Using 4 workers of 4 for evacuation
[2020-07-07T22:35:13.813-0100][gc,mmu       ] GC(7) MMU target violated: 21.0ms (20.0ms/21.0ms)
[2020-07-07T22:35:13.813-0100][gc,phases    ] GC(7)   Pre Evacuate Collection Set: 0.1ms
[2020-07-07T22:35:13.813-0100][gc,phases    ] GC(7)   Evacuate Collection Set: 26.5ms
[2020-07-07T22:35:13.813-0100][gc,phases    ] GC(7)   Post Evacuate Collection Set: 1.4ms
[2020-07-07T22:35:13.813-0100][gc,phases    ] GC(7)   Other: 6.5ms
[2020-07-07T22:35:13.813-0100][gc,heap      ] GC(7) Eden regions: 48->0(47)
[2020-07-07T22:35:13.813-0100][gc,heap      ] GC(7) Survivor regions: 3->4(7)
[2020-07-07T22:35:13.813-0100][gc,heap      ] GC(7) Old regions: 11->11
[2020-07-07T22:35:13.813-0100][gc,heap      ] GC(7) Archive regions: 2->2
[2020-07-07T22:35:13.813-0100][gc,heap      ] GC(7) Humongous regions: 129->129
[2020-07-07T22:35:13.813-0100][gc,metaspace ] GC(7) Metaspace: 37445K->37445K(1083392K)
[2020-07-07T22:35:13.813-0100][gc           ] GC(7) Pause Young (Normal) (G1 Evacuation Pause) 191M->144M(1024M) 34.493ms
[2020-07-07T22:35:13.813-0100][gc,cpu       ] GC(7) User=0.04s Sys=0.07s Real=0.04s
[2020-07-07T22:49:52.071-0100][gc,start     ] GC(8) Pause Young (Normal) (G1 Evacuation Pause)
[2020-07-07T22:49:52.071-0100][gc,task      ] GC(8) Using 4 workers of 4 for evacuation
[2020-07-07T22:49:52.100-0100][gc,mmu       ] GC(8) MMU target violated: 21.0ms (20.0ms/21.0ms)
[2020-07-07T22:49:52.100-0100][gc,phases    ] GC(8)   Pre Evacuate Collection Set: 0.1ms
[2020-07-07T22:49:52.100-0100][gc,phases    ] GC(8)   Evacuate Collection Set: 24.0ms
[2020-07-07T22:49:52.100-0100][gc,phases    ] GC(8)   Post Evacuate Collection Set: 1.1ms
[2020-07-07T22:49:52.100-0100][gc,phases    ] GC(8)   Other: 3.8ms
[2020-07-07T22:49:52.100-0100][gc,heap      ] GC(8) Eden regions: 47->0(47)
[2020-07-07T22:49:52.100-0100][gc,heap      ] GC(8) Survivor regions: 4->4(7)
[2020-07-07T22:49:52.100-0100][gc,heap      ] GC(8) Old regions: 11->11
[2020-07-07T22:49:52.100-0100][gc,heap      ] GC(8) Archive regions: 2->2
[2020-07-07T22:49:52.100-0100][gc,heap      ] GC(8) Humongous regions: 129->129
[2020-07-07T22:49:52.100-0100][gc,metaspace ] GC(8) Metaspace: 37572K->37572K(1083392K)
[2020-07-07T22:49:52.100-0100][gc           ] GC(8) Pause Young (Normal) (G1 Evacuation Pause) 191M->144M(1024M) 29.100ms
[2020-07-07T22:49:52.100-0100][gc,cpu       ] GC(8) User=0.03s Sys=0.05s Real=0.03s
[2020-07-07T23:56:45.654-0100][gc,start     ] GC(9) Pause Young (Normal) (G1 Evacuation Pause)
[2020-07-07T23:56:45.660-0100][gc,task      ] GC(9) Using 4 workers of 4 for evacuation
[2020-07-07T23:56:45.691-0100][gc,mmu       ] GC(9) MMU target violated: 21.0ms (20.0ms/21.0ms)
[2020-07-07T23:56:45.691-0100][gc,phases    ] GC(9)   Pre Evacuate Collection Set: 0.2ms
[2020-07-07T23:56:45.691-0100][gc,phases    ] GC(9)   Evacuate Collection Set: 25.9ms
[2020-07-07T23:56:45.691-0100][gc,phases    ] GC(9)   Post Evacuate Collection Set: 1.3ms
[2020-07-07T23:56:45.691-0100][gc,phases    ] GC(9)   Other: 11.8ms
[2020-07-07T23:56:45.691-0100][gc,heap      ] GC(9) Eden regions: 47->0(47)
[2020-07-07T23:56:45.691-0100][gc,heap      ] GC(9) Survivor regions: 4->4(7)
[2020-07-07T23:56:45.691-0100][gc,heap      ] GC(9) Old regions: 11->11
[2020-07-07T23:56:45.691-0100][gc,heap      ] GC(9) Archive regions: 2->2
[2020-07-07T23:56:45.691-0100][gc,heap      ] GC(9) Humongous regions: 129->129
[2020-07-07T23:56:45.691-0100][gc,metaspace ] GC(9) Metaspace: 37650K->37650K(1083392K)
[2020-07-07T23:56:45.691-0100][gc           ] GC(9) Pause Young (Normal) (G1 Evacuation Pause) 191M->144M(1024M) 36.994ms
[2020-07-07T23:56:45.691-0100][gc,cpu       ] GC(9) User=0.03s Sys=0.07s Real=0.04s
[2020-07-08T00:19:35.653-0100][gc,start     ] GC(10) Pause Young (Normal) (G1 Evacuation Pause)
[2020-07-08T00:19:35.654-0100][gc,task      ] GC(10) Using 4 workers of 4 for evacuation
[2020-07-08T00:19:35.686-0100][gc,mmu       ] GC(10) MMU target violated: 21.0ms (20.0ms/21.0ms)
[2020-07-08T00:19:35.686-0100][gc,phases    ] GC(10)   Pre Evacuate Collection Set: 0.1ms
[2020-07-08T00:19:35.686-0100][gc,phases    ] GC(10)   Evacuate Collection Set: 26.1ms
[2020-07-08T00:19:35.686-0100][gc,phases    ] GC(10)   Post Evacuate Collection Set: 1.3ms
[2020-07-08T00:19:35.686-0100][gc,phases    ] GC(10)   Other: 5.6ms
[2020-07-08T00:19:35.686-0100][gc,heap      ] GC(10) Eden regions: 47->0(47)
[2020-07-08T00:19:35.686-0100][gc,heap      ] GC(10) Survivor regions: 4->4(7)
[2020-07-08T00:19:35.686-0100][gc,heap      ] GC(10) Old regions: 11->11
[2020-07-08T00:19:35.686-0100][gc,heap      ] GC(10) Archive regions: 2->2
[2020-07-08T00:19:35.686-0100][gc,heap      ] GC(10) Humongous regions: 129->129
[2020-07-08T00:19:35.686-0100][gc,metaspace ] GC(10) Metaspace: 37675K->37675K(1083392K)
[2020-07-08T00:19:35.686-0100][gc           ] GC(10) Pause Young (Normal) (G1 Evacuation Pause) 191M->144M(1024M) 33.103ms
[2020-07-08T00:19:35.686-0100][gc,cpu       ] GC(10) User=0.03s Sys=0.06s Real=0.03s
[2020-07-08T00:41:56.777-0100][gc,start     ] GC(11) Pause Young (Normal) (G1 Evacuation Pause)
[2020-07-08T00:41:56.777-0100][gc,task      ] GC(11) Using 4 workers of 4 for evacuation
[2020-07-08T00:41:56.835-0100][gc,mmu       ] GC(11) MMU target violated: 21.0ms (20.0ms/21.0ms)
[2020-07-08T00:41:56.835-0100][gc,phases    ] GC(11)   Pre Evacuate Collection Set: 0.1ms
[2020-07-08T00:41:56.835-0100][gc,phases    ] GC(11)   Evacuate Collection Set: 43.3ms
[2020-07-08T00:41:56.835-0100][gc,phases    ] GC(11)   Post Evacuate Collection Set: 8.3ms
[2020-07-08T00:41:56.836-0100][gc,phases    ] GC(11)   Other: 6.8ms
[2020-07-08T00:41:56.836-0100][gc,heap      ] GC(11) Eden regions: 47->0(47)
[2020-07-08T00:41:56.836-0100][gc,heap      ] GC(11) Survivor regions: 4->4(7)
[2020-07-08T00:41:56.837-0100][gc,heap      ] GC(11) Old regions: 11->11
[2020-07-08T00:41:56.837-0100][gc,heap      ] GC(11) Archive regions: 2->2
[2020-07-08T00:41:56.837-0100][gc,heap      ] GC(11) Humongous regions: 129->129
[2020-07-08T00:41:56.837-0100][gc,metaspace ] GC(11) Metaspace: 37708K->37708K(1083392K)
[2020-07-08T00:41:56.837-0100][gc           ] GC(11) Pause Young (Normal) (G1 Evacuation Pause) 191M->144M(1024M) 59.782ms
[2020-07-08T00:41:56.837-0100][gc,cpu       ] GC(11) User=0.02s Sys=0.05s Real=0.06s
[2020-07-08T00:47:02.843-0100][gc,start     ] GC(12) Pause Young (Normal) (G1 Evacuation Pause)
[2020-07-08T00:47:02.843-0100][gc,task      ] GC(12) Using 4 workers of 4 for evacuation
[2020-07-08T00:47:02.881-0100][gc,mmu       ] GC(12) MMU target violated: 21.0ms (20.0ms/21.0ms)
[2020-07-08T00:47:02.881-0100][gc,phases    ] GC(12)   Pre Evacuate Collection Set: 0.1ms
[2020-07-08T00:47:02.881-0100][gc,phases    ] GC(12)   Evacuate Collection Set: 32.7ms
[2020-07-08T00:47:02.881-0100][gc,phases    ] GC(12)   Post Evacuate Collection Set: 1.6ms
[2020-07-08T00:47:02.881-0100][gc,phases    ] GC(12)   Other: 4.5ms
[2020-07-08T00:47:02.881-0100][gc,heap      ] GC(12) Eden regions: 47->0(47)
[2020-07-08T00:47:02.881-0100][gc,heap      ] GC(12) Survivor regions: 4->4(7)
[2020-07-08T00:47:02.881-0100][gc,heap      ] GC(12) Old regions: 11->11
[2020-07-08T00:47:02.881-0100][gc,heap      ] GC(12) Archive regions: 2->2
[2020-07-08T00:47:02.881-0100][gc,heap      ] GC(12) Humongous regions: 129->129
[2020-07-08T00:47:02.881-0100][gc,metaspace ] GC(12) Metaspace: 37754K->37754K(1083392K)
[2020-07-08T00:47:02.882-0100][gc           ] GC(12) Pause Young (Normal) (G1 Evacuation Pause) 191M->144M(1024M) 38.968ms
[2020-07-08T00:47:02.882-0100][gc,cpu       ] GC(12) User=0.03s Sys=0.05s Real=0.04s
[2020-07-08T00:54:16.531-0100][gc,start     ] GC(13) Pause Young (Normal) (G1 Evacuation Pause)
[2020-07-08T00:54:16.532-0100][gc,task      ] GC(13) Using 4 workers of 4 for evacuation
[2020-07-08T00:54:16.558-0100][gc,mmu       ] GC(13) MMU target violated: 21.0ms (20.0ms/21.0ms)
[2020-07-08T00:54:16.558-0100][gc,phases    ] GC(13)   Pre Evacuate Collection Set: 0.1ms
[2020-07-08T00:54:16.558-0100][gc,phases    ] GC(13)   Evacuate Collection Set: 22.0ms
[2020-07-08T00:54:16.558-0100][gc,phases    ] GC(13)   Post Evacuate Collection Set: 2.6ms
[2020-07-08T00:54:16.558-0100][gc,phases    ] GC(13)   Other: 2.3ms
[2020-07-08T00:54:16.558-0100][gc,heap      ] GC(13) Eden regions: 47->0(47)
[2020-07-08T00:54:16.558-0100][gc,heap      ] GC(13) Survivor regions: 4->4(7)
[2020-07-08T00:54:16.559-0100][gc,heap      ] GC(13) Old regions: 11->11
[2020-07-08T00:54:16.559-0100][gc,heap      ] GC(13) Archive regions: 2->2
[2020-07-08T00:54:16.559-0100][gc,heap      ] GC(13) Humongous regions: 129->129
[2020-07-08T00:54:16.559-0100][gc,metaspace ] GC(13) Metaspace: 37810K->37810K(1083392K)
[2020-07-08T00:54:16.559-0100][gc           ] GC(13) Pause Young (Normal) (G1 Evacuation Pause) 191M->144M(1024M) 27.165ms
[2020-07-08T00:54:16.559-0100][gc,cpu       ] GC(13) User=0.03s Sys=0.04s Real=0.02s
[2020-07-08T01:00:46.140-0100][gc,start     ] GC(14) Pause Young (Normal) (G1 Evacuation Pause)
[2020-07-08T01:00:46.141-0100][gc,task      ] GC(14) Using 4 workers of 4 for evacuation
[2020-07-08T01:00:46.184-0100][gc,mmu       ] GC(14) MMU target violated: 21.0ms (20.0ms/21.0ms)
[2020-07-08T01:00:46.184-0100][gc,phases    ] GC(14)   Pre Evacuate Collection Set: 0.1ms
[2020-07-08T01:00:46.184-0100][gc,phases    ] GC(14)   Evacuate Collection Set: 37.1ms
[2020-07-08T01:00:46.184-0100][gc,phases    ] GC(14)   Post Evacuate Collection Set: 2.8ms
[2020-07-08T01:00:46.184-0100][gc,phases    ] GC(14)   Other: 4.0ms
[2020-07-08T01:00:46.184-0100][gc,heap      ] GC(14) Eden regions: 47->0(47)
[2020-07-08T01:00:46.184-0100][gc,heap      ] GC(14) Survivor regions: 4->4(7)
[2020-07-08T01:00:46.184-0100][gc,heap      ] GC(14) Old regions: 11->11
[2020-07-08T01:00:46.184-0100][gc,heap      ] GC(14) Archive regions: 2->2
[2020-07-08T01:00:46.184-0100][gc,heap      ] GC(14) Humongous regions: 129->129
[2020-07-08T01:00:46.184-0100][gc,metaspace ] GC(14) Metaspace: 37846K->37846K(1083392K)
[2020-07-08T01:00:46.184-0100][gc           ] GC(14) Pause Young (Normal) (G1 Evacuation Pause) 191M->144M(1024M) 44.135ms
[2020-07-08T01:00:46.184-0100][gc,cpu       ] GC(14) User=0.03s Sys=0.05s Real=0.04s
