[2020-07-07T21:53:14.631-0100][gc,heap] Heap region size: 1M
[2020-07-07T21:53:14.636-0100][gc     ] Using G1
[2020-07-07T21:53:14.636-0100][gc,heap,coops] Heap address: 0x00000007e0000000, size: 512 MB, Compressed Oops mode: Zero based, Oop shift amount: 3
[2020-07-07T21:53:14.637-0100][gc,cds       ] Mark closed archive regions in map: [0x00000007fff00000, 0x00000007fff76ff8]
[2020-07-07T21:53:14.637-0100][gc,cds       ] Mark open archive regions in map: [0x00000007ffe00000, 0x00000007ffe46ff8]
[2020-07-07T21:53:14.668-0100][gc           ] Periodic GC disabled
[2020-07-07T21:55:26.385-0100][gc,start     ] GC(0) Pause Young (Normal) (G1 Evacuation Pause)
[2020-07-07T21:55:26.386-0100][gc,task      ] GC(0) Using 4 workers of 4 for evacuation
[2020-07-07T21:55:26.410-0100][gc,mmu       ] GC(0) MMU target violated: 21.0ms (20.0ms/21.0ms)
[2020-07-07T21:55:26.410-0100][gc,phases    ] GC(0)   Pre Evacuate Collection Set: 0.0ms
[2020-07-07T21:55:26.410-0100][gc,phases    ] GC(0)   Evacuate Collection Set: 23.0ms
[2020-07-07T21:55:26.410-0100][gc,phases    ] GC(0)   Post Evacuate Collection Set: 0.5ms
[2020-07-07T21:55:26.410-0100][gc,phases    ] GC(0)   Other: 1.7ms
[2020-07-07T21:55:26.410-0100][gc,heap      ] GC(0) Eden regions: 25->0(21)
[2020-07-07T21:55:26.410-0100][gc,heap      ] GC(0) Survivor regions: 0->4(4)
[2020-07-07T21:55:26.410-0100][gc,heap      ] GC(0) Old regions: 0->2
[2020-07-07T21:55:26.410-0100][gc,heap      ] GC(0) Archive regions: 2->2
[2020-07-07T21:55:26.410-0100][gc,heap      ] GC(0) Humongous regions: 0->0
[2020-07-07T21:55:26.410-0100][gc,metaspace ] GC(0) Metaspace: 7276K->7276K(1056768K)
[2020-07-07T21:55:26.410-0100][gc           ] GC(0) Pause Young (Normal) (G1 Evacuation Pause) 25M->5M(512M) 25.466ms
[2020-07-07T21:55:26.411-0100][gc,cpu       ] GC(0) User=0.03s Sys=0.05s Real=0.03s
